// Jest Snapshot v1, https://goo.gl/fbAQLP

exports[`Form should render correctly 1`] = `
ShallowWrapper {
  Symbol(enzyme.__root__): [Circular],
  Symbol(enzyme.__unrendered__): <Form
    name="button test"
/>,
  Symbol(enzyme.__renderer__): Object {
    "batchedUpdates": [Function],
    "getNode": [Function],
    "render": [Function],
    "simulateEvent": [Function],
    "unmount": [Function],
  },
  Symbol(enzyme.__node__): Object {
    "instance": null,
    "key": undefined,
    "nodeType": "host",
    "props": Object {
      "children": Array [
        <h2>
          Sign up
</h2>,
        <br />,
        <div>
          <Unknown
                    formErrors={
                              Object {
                                        "confrmpasswrd": "",
                                        "password": "",
                                        "username": "",
                                      }
                    }
          />
</div>,
        <div
          className="form-group "
>
          <input
                    className="form-control"
                    name="username"
                    onChange={[Function]}
                    placeholder="UserName"
                    required={true}
                    type="text"
                    value=""
          />
</div>,
        <div
          className="form-group "
>
          <input
                    className="form-control"
                    name="password"
                    onChange={[Function]}
                    placeholder="Password"
                    type="password"
                    value=""
          />
</div>,
        <div
          className="form-group "
>
          <input
                    className="form-control"
                    name="confrmpasswrd"
                    onChange={[Function]}
                    placeholder="Confirm Password"
                    type="password"
                    value=""
          />
</div>,
        <button
          className="btn btn-primary button-click"
          disabled={true}
          onClick={[Function]}
          type="submit"
>
          Sign up
</button>,
      ],
      "className": "demoForm jumbotron container",
    },
    "ref": null,
    "rendered": Array [
      Object {
        "instance": null,
        "key": undefined,
        "nodeType": "host",
        "props": Object {
          "children": "Sign up",
        },
        "ref": null,
        "rendered": "Sign up",
        "type": "h2",
      },
      Object {
        "instance": null,
        "key": undefined,
        "nodeType": "host",
        "props": Object {},
        "ref": null,
        "rendered": null,
        "type": "br",
      },
      Object {
        "instance": null,
        "key": undefined,
        "nodeType": "host",
        "props": Object {
          "children": <Unknown
            formErrors={
                        Object {
                                    "confrmpasswrd": "",
                                    "password": "",
                                    "username": "",
                                  }
            }
/>,
        },
        "ref": null,
        "rendered": Object {
          "instance": null,
          "key": undefined,
          "nodeType": "function",
          "props": Object {
            "formErrors": Object {
              "confrmpasswrd": "",
              "password": "",
              "username": "",
            },
          },
          "ref": null,
          "rendered": null,
          "type": [Function],
        },
        "type": "div",
      },
      Object {
        "instance": null,
        "key": undefined,
        "nodeType": "host",
        "props": Object {
          "children": <input
            className="form-control"
            name="username"
            onChange={[Function]}
            placeholder="UserName"
            required={true}
            type="text"
            value=""
/>,
          "className": "form-group ",
        },
        "ref": null,
        "rendered": Object {
          "instance": null,
          "key": undefined,
          "nodeType": "host",
          "props": Object {
            "className": "form-control",
            "name": "username",
            "onChange": [Function],
            "placeholder": "UserName",
            "required": true,
            "type": "text",
            "value": "",
          },
          "ref": null,
          "rendered": null,
          "type": "input",
        },
        "type": "div",
      },
      Object {
        "instance": null,
        "key": undefined,
        "nodeType": "host",
        "props": Object {
          "children": <input
            className="form-control"
            name="password"
            onChange={[Function]}
            placeholder="Password"
            type="password"
            value=""
/>,
          "className": "form-group ",
        },
        "ref": null,
        "rendered": Object {
          "instance": null,
          "key": undefined,
          "nodeType": "host",
          "props": Object {
            "className": "form-control",
            "name": "password",
            "onChange": [Function],
            "placeholder": "Password",
            "type": "password",
            "value": "",
          },
          "ref": null,
          "rendered": null,
          "type": "input",
        },
        "type": "div",
      },
      Object {
        "instance": null,
        "key": undefined,
        "nodeType": "host",
        "props": Object {
          "children": <input
            className="form-control"
            name="confrmpasswrd"
            onChange={[Function]}
            placeholder="Confirm Password"
            type="password"
            value=""
/>,
          "className": "form-group ",
        },
        "ref": null,
        "rendered": Object {
          "instance": null,
          "key": undefined,
          "nodeType": "host",
          "props": Object {
            "className": "form-control",
            "name": "confrmpasswrd",
            "onChange": [Function],
            "placeholder": "Confirm Password",
            "type": "password",
            "value": "",
          },
          "ref": null,
          "rendered": null,
          "type": "input",
        },
        "type": "div",
      },
      Object {
        "instance": null,
        "key": undefined,
        "nodeType": "host",
        "props": Object {
          "children": "Sign up",
          "className": "btn btn-primary button-click",
          "disabled": true,
          "onClick": [Function],
          "type": "submit",
        },
        "ref": null,
        "rendered": "Sign up",
        "type": "button",
      },
    ],
    "type": "form",
  },
  Symbol(enzyme.__nodes__): Array [
    Object {
      "instance": null,
      "key": undefined,
      "nodeType": "host",
      "props": Object {
        "children": Array [
          <h2>
            Sign up
</h2>,
          <br />,
          <div>
            <Unknown
                        formErrors={
                                    Object {
                                                "confrmpasswrd": "",
                                                "password": "",
                                                "username": "",
                                              }
                        }
            />
</div>,
          <div
            className="form-group "
>
            <input
                        className="form-control"
                        name="username"
                        onChange={[Function]}
                        placeholder="UserName"
                        required={true}
                        type="text"
                        value=""
            />
</div>,
          <div
            className="form-group "
>
            <input
                        className="form-control"
                        name="password"
                        onChange={[Function]}
                        placeholder="Password"
                        type="password"
                        value=""
            />
</div>,
          <div
            className="form-group "
>
            <input
                        className="form-control"
                        name="confrmpasswrd"
                        onChange={[Function]}
                        placeholder="Confirm Password"
                        type="password"
                        value=""
            />
</div>,
          <button
            className="btn btn-primary button-click"
            disabled={true}
            onClick={[Function]}
            type="submit"
>
            Sign up
</button>,
        ],
        "className": "demoForm jumbotron container",
      },
      "ref": null,
      "rendered": Array [
        Object {
          "instance": null,
          "key": undefined,
          "nodeType": "host",
          "props": Object {
            "children": "Sign up",
          },
          "ref": null,
          "rendered": "Sign up",
          "type": "h2",
        },
        Object {
          "instance": null,
          "key": undefined,
          "nodeType": "host",
          "props": Object {},
          "ref": null,
          "rendered": null,
          "type": "br",
        },
        Object {
          "instance": null,
          "key": undefined,
          "nodeType": "host",
          "props": Object {
            "children": <Unknown
              formErrors={
                            Object {
                                          "confrmpasswrd": "",
                                          "password": "",
                                          "username": "",
                                        }
              }
/>,
          },
          "ref": null,
          "rendered": Object {
            "instance": null,
            "key": undefined,
            "nodeType": "function",
            "props": Object {
              "formErrors": Object {
                "confrmpasswrd": "",
                "password": "",
                "username": "",
              },
            },
            "ref": null,
            "rendered": null,
            "type": [Function],
          },
          "type": "div",
        },
        Object {
          "instance": null,
          "key": undefined,
          "nodeType": "host",
          "props": Object {
            "children": <input
              className="form-control"
              name="username"
              onChange={[Function]}
              placeholder="UserName"
              required={true}
              type="text"
              value=""
/>,
            "className": "form-group ",
          },
          "ref": null,
          "rendered": Object {
            "instance": null,
            "key": undefined,
            "nodeType": "host",
            "props": Object {
              "className": "form-control",
              "name": "username",
              "onChange": [Function],
              "placeholder": "UserName",
              "required": true,
              "type": "text",
              "value": "",
            },
            "ref": null,
            "rendered": null,
            "type": "input",
          },
          "type": "div",
        },
        Object {
          "instance": null,
          "key": undefined,
          "nodeType": "host",
          "props": Object {
            "children": <input
              className="form-control"
              name="password"
              onChange={[Function]}
              placeholder="Password"
              type="password"
              value=""
/>,
            "className": "form-group ",
          },
          "ref": null,
          "rendered": Object {
            "instance": null,
            "key": undefined,
            "nodeType": "host",
            "props": Object {
              "className": "form-control",
              "name": "password",
              "onChange": [Function],
              "placeholder": "Password",
              "type": "password",
              "value": "",
            },
            "ref": null,
            "rendered": null,
            "type": "input",
          },
          "type": "div",
        },
        Object {
          "instance": null,
          "key": undefined,
          "nodeType": "host",
          "props": Object {
            "children": <input
              className="form-control"
              name="confrmpasswrd"
              onChange={[Function]}
              placeholder="Confirm Password"
              type="password"
              value=""
/>,
            "className": "form-group ",
          },
          "ref": null,
          "rendered": Object {
            "instance": null,
            "key": undefined,
            "nodeType": "host",
            "props": Object {
              "className": "form-control",
              "name": "confrmpasswrd",
              "onChange": [Function],
              "placeholder": "Confirm Password",
              "type": "password",
              "value": "",
            },
            "ref": null,
            "rendered": null,
            "type": "input",
          },
          "type": "div",
        },
        Object {
          "instance": null,
          "key": undefined,
          "nodeType": "host",
          "props": Object {
            "children": "Sign up",
            "className": "btn btn-primary button-click",
            "disabled": true,
            "onClick": [Function],
            "type": "submit",
          },
          "ref": null,
          "rendered": "Sign up",
          "type": "button",
        },
      ],
      "type": "form",
    },
  ],
  Symbol(enzyme.__options__): Object {
    "adapter": ReactSixteenAdapter {
      "options": Object {
        "enableComponentDidUpdateOnSetState": true,
        "lifecycles": Object {
          "componentDidUpdate": Object {
            "onSetState": true,
          },
          "getSnapshotBeforeUpdate": true,
        },
      },
    },
    "attachTo": undefined,
    "hydrateIn": undefined,
  },
}
`;
